{
    "compile_errors": [
        (
            None,
            Unimplemented {
                what: "Expression: Between { expr: Identifier(Ident { value: \"timestamp\", quote_style: None }), negated: false, low: Value(SingleQuotedString(\"2014-01-01\")), high: BinaryOp { left: Function(Function { name: ObjectName([Ident { value: \"current_date\", quote_style: None }]), args: [], over: None, distinct: false, special: false }), op: Plus, right: Interval { value: Value(Number(\"365\", false)), leading_field: Some(Day), leading_precision: None, last_field: None, fractional_seconds_precision: None } } }",
                backtrace: None,
                loc: Range(
                    "tests/qs/metricsplaybook/churned_revenue_cube.qs",
                    Range {
                        start: Location {
                            line: 24,
                            column: 3,
                        },
                        end: Location {
                            line: 52,
                            column: 5,
                        },
                    },
                ),
            },
        ),
    ],
    "decls": {
        "let contract_stream": [{
        	id Int64,
        	customer_id Int64,
        	timestamp Timestamp(
            Microsecond,
            None,
        ),
        	activity Utf8,
        	revenue_impact Float64,
        	plan_type Utf8,
        	activity_occurrence Int64,
        	activity_repeated_at Timestamp(
            Microsecond,
            None,
        ),
        }],
        "let cte_grouping_sets": [{
        	metric_month Date32,
        	month_bit Int8,
        	metric_day Date32,
        	day_bit Int8,
        	total_object Utf8,
        	combination_1 Utf8,
        	combination_2 Utf8,
        	combination_3 Utf8,
        	combination_1_bit Int8,
        	combination_2_bit Int8,
        	combination_3_bit Int8,
        	total_bit Int8,
        	metric_denominators Null,
        	metric_calculation Utf8,
        	metric_value SumAgg<Float64>,
        }],
        "let cte_prep": [{
        	customer_id Int64,
        	segment Utf8,
        	channel Utf8,
        	cohort Utf8,
        	timestamp Timestamp(
            Microsecond,
            None,
        ),
        	revenue_impact Float64,
        	activity Utf8,
        	plan_type Utf8,
        }],
        "let dim_customer": [{
        	id Int64,
        	segment Utf8,
        	channel Utf8,
        	first_contract_signed_date Timestamp(
            Microsecond,
            None,
        ),
        	cohort Utf8,
        }],
    },
    "queries": [],
}