{
    "compile_errors": [
        (
            Some(
                5,
            ),
            Unimplemented {
                what: "Table valued functions",
                backtrace: None,
                loc: Range(
                    "tests/qs/metricsplaybook/churned_revenue_cube.qs",
                    Range {
                        start: Location {
                            line: 98,
                            column: 22,
                        },
                        end: Location {
                            line: 98,
                            column: 33,
                        },
                    },
                ),
            },
        ),
        (
            Some(
                6,
            ),
            Unimplemented {
                what: "Table valued functions",
                backtrace: None,
                loc: Range(
                    "tests/qs/metricsplaybook/churned_revenue_cube.qs",
                    Range {
                        start: Location {
                            line: 99,
                            column: 22,
                        },
                        end: Location {
                            line: 99,
                            column: 33,
                        },
                    },
                ),
            },
        ),
    ],
    "decls": {
        "let contract_stream": [{
        	id Int64,
        	customer_id Int64,
        	timestamp Timestamp(
            Microsecond,
            None,
        ),
        	activity Utf8,
        	revenue_impact Float64,
        	plan_type Utf8,
        	activity_occurrence Int64,
        	activity_repeated_at Timestamp(
            Microsecond,
            None,
        ),
        }],
        "let date_slices": [Utf8],
        "let dim_customer": [{
        	id Int64,
        	segment Utf8,
        	channel Utf8,
        	first_contract_signed_date Timestamp(
            Microsecond,
            None,
        ),
        	cohort Utf8,
        }],
        "let metric_slices": [Utf8],
        "let metrics_cube": ∀ "__Return", "R", "S" λ {
        	date_slices [Utf8],
        	metric_slices [Utf8],
        	source "R",
        } -> "__Return",
        "let prep": [{
        	customer_id Int64,
        	segment Utf8,
        	channel Utf8,
        	cohort Utf8,
        	timestamp Timestamp(
            Microsecond,
            None,
        ),
        	revenue_impact Float64,
        	activity Utf8,
        	plan_type Utf8,
        }],
    },
    "queries": [],
}