{
    "decls": {
        "let foo": Int64,
    },
    "queries": [
        TypedValue {
            type_: List(
                Record(
                    [
                        Field {
                            name: "foo",
                            type_: Atom(
                                Int64,
                            ),
                            nullable: true,
                        },
                    ],
                ),
            ),
            value: Relation(
                [
                    RecordBatch {
                        schema: Schema {
                            fields: [
                                Field {
                                    name: "foo",
                                    data_type: Int64,
                                    nullable: false,
                                    dict_id: 0,
                                    dict_is_ordered: false,
                                    metadata: None,
                                },
                            ],
                            metadata: {},
                        },
                        columns: [
                            PrimitiveArray<Int64>
                            [
                              1,
                            ],
                        ],
                        row_count: 1,
                    },
                ],
            ),
        },
    ],
}