{
    "compile_errors": [],
    "decls": {
        "let slices": [Utf8],
        "let users": [{
        	id Int32,
        	org_id Int32,
        	name Utf8,
        	active Boolean,
        }],
    },
    "queries": [
        Ok(
            TypedValue {
                type_: List(
                    Record(
                        [
                            Field {
                                name: "id",
                                type_: Atom(
                                    Int32,
                                ),
                                nullable: true,
                            },
                            Field {
                                name: "org_id",
                                type_: Atom(
                                    Int32,
                                ),
                                nullable: true,
                            },
                        ],
                    ),
                ),
                value: "| id | org_id |\n|----|--------|\n| 1  | 1      |\n| 2  | 1      |",
            },
        ),
        Ok(
            TypedValue {
                type_: List(
                    Record(
                        [
                            Field {
                                name: "item",
                                type_: Atom(
                                    Int32,
                                ),
                                nullable: true,
                            },
                            Field {
                                name: "item",
                                type_: Atom(
                                    Int32,
                                ),
                                nullable: true,
                            },
                        ],
                    ),
                ),
                value: "| item | item |\n|------|------|\n| 1    | 1    |\n| 2    | 1    |",
            },
        ),
        Ok(
            TypedValue {
                type_: List(
                    Record(
                        [
                            Field {
                                name: "id",
                                type_: Atom(
                                    Int32,
                                ),
                                nullable: true,
                            },
                            Field {
                                name: "org_id",
                                type_: Atom(
                                    Int32,
                                ),
                                nullable: true,
                            },
                            Field {
                                name: "name",
                                type_: Atom(
                                    Utf8,
                                ),
                                nullable: true,
                            },
                            Field {
                                name: "active",
                                type_: Atom(
                                    Boolean,
                                ),
                                nullable: true,
                            },
                            Field {
                                name: "id",
                                type_: Atom(
                                    Int32,
                                ),
                                nullable: true,
                            },
                            Field {
                                name: "org_id",
                                type_: Atom(
                                    Int32,
                                ),
                                nullable: true,
                            },
                            Field {
                                name: "name",
                                type_: Atom(
                                    Utf8,
                                ),
                                nullable: true,
                            },
                            Field {
                                name: "active",
                                type_: Atom(
                                    Boolean,
                                ),
                                nullable: true,
                            },
                        ],
                    ),
                ),
                value: "| id | org_id | name | active | id | org_id | name | active |\n|----|--------|------|--------|----|--------|------|--------|\n| 1  | 1      | Foo  | true   | 1  | 1      | Foo  | true   |\n| 2  | 1      | Bar  | false  | 2  | 1      | Bar  | false  |",
            },
        ),
        Ok(
            TypedValue {
                type_: List(
                    Record(
                        [
                            Field {
                                name: "id",
                                type_: Atom(
                                    Int32,
                                ),
                                nullable: true,
                            },
                            Field {
                                name: "id + 1",
                                type_: Atom(
                                    Int64,
                                ),
                                nullable: true,
                            },
                            Field {
                                name: "org_id",
                                type_: Atom(
                                    Int32,
                                ),
                                nullable: true,
                            },
                            Field {
                                name: "org_id + 1",
                                type_: Atom(
                                    Int64,
                                ),
                                nullable: true,
                            },
                        ],
                    ),
                ),
                value: "| id | id + 1 | org_id | org_id + 1 |\n|----|--------|--------|------------|\n| 1  | 2      | 1      | 2          |\n| 2  | 3      | 1      | 2          |",
            },
        ),
        Ok(
            TypedValue {
                type_: List(
                    Record(
                        [
                            Field {
                                name: "1",
                                type_: Atom(
                                    Int64,
                                ),
                                nullable: true,
                            },
                            Field {
                                name: "2",
                                type_: Atom(
                                    Int64,
                                ),
                                nullable: true,
                            },
                        ],
                    ),
                ),
                value: "| 1 | 2 |\n|---|---|\n| 1 | 2 |\n| 1 | 2 |",
            },
        ),
        Ok(
            TypedValue {
                type_: List(
                    Record(
                        [
                            Field {
                                name: "'month'",
                                type_: Atom(
                                    Utf8,
                                ),
                                nullable: true,
                            },
                            Field {
                                name: "'day'",
                                type_: Atom(
                                    Utf8,
                                ),
                                nullable: true,
                            },
                        ],
                    ),
                ),
                value: "| 'month' | 'day' |\n|---------|-------|\n| month   | day   |",
            },
        ),
    ],
}