{
    "compile_errors": [],
    "decls": {
        "let events": External<[{
        	user_id UInt64,
        	description Utf8,
        	ts Date32,
        }]>,
        "let users": External<[{
        	id UInt64,
        	org_id UInt64,
        	name Utf8,
        	active Boolean,
        }]>,
    },
    "queries": [
        Ok(
            TypedValue {
                type_: List(
                    Record(
                        [
                            Field {
                                name: "id",
                                type_: Atom(
                                    UInt64,
                                ),
                                nullable: true,
                            },
                            Field {
                                name: "org_id",
                                type_: Atom(
                                    UInt64,
                                ),
                                nullable: true,
                            },
                            Field {
                                name: "name",
                                type_: Atom(
                                    Utf8,
                                ),
                                nullable: true,
                            },
                            Field {
                                name: "active",
                                type_: Atom(
                                    Boolean,
                                ),
                                nullable: true,
                            },
                        ],
                    ),
                ),
                value: "| id | org_id | name | active |\n|----|--------|------|--------|\n| 1  | 1      | Foo  | true   |\n| 2  | 1      | Bar  | false  |",
                viz: None,
            },
        ),
        Ok(
            TypedValue {
                type_: List(
                    Record(
                        [
                            Field {
                                name: "user_id",
                                type_: Atom(
                                    UInt64,
                                ),
                                nullable: true,
                            },
                            Field {
                                name: "description",
                                type_: Atom(
                                    Utf8,
                                ),
                                nullable: true,
                            },
                            Field {
                                name: "ts",
                                type_: Atom(
                                    Date32,
                                ),
                                nullable: true,
                            },
                        ],
                    ),
                ),
                value: "| user_id | description | ts         |\n|---------|-------------|------------|\n| 1       | Loren Ipsum | 2020-01-01 |\n| 1       | Foo Bar     | 2020-01-02 |\n| 2       | Bing Baz    | 2020-01-03 |\n| 2       | Woo Hoo     | 2020-01-04 |",
                viz: None,
            },
        ),
    ],
}