{
    "compile_errors": [],
    "decls": {
        "let aircraft_models": [{
        	number_value Int64,
        }],
        "type AircraftModel": {
        	number_value Int64,
        },
    },
    "queries": [
        Err(
            DuckDBError {
                source: DuckDBFailure(
                    Error {
                        code: Unknown,
                        extended_code: 1,
                    },
                    Some(
                        "Binder Error: Table \"aircraft_models\" does not have a column named \"number_value\"\nLINE 1: SELECT \"MAX\"(\"aircraft_models\".\"number_value\") AS \"M...\n                     ^",
                    ),
                ),
                backtrace: None,
            },
        ),
    ],
}