{
    "compile_errors": [],
    "decls": {
        "let all_series": [{
        	season Int64,
        	team Int64,
        	opponent Int64,
        	winner Boolean,
        	first_game Timestamp(
            Microsecond,
            None,
        ),
        	round_number Int64,
        }],
        "let first_round_bye": [{
        	season Int64,
        	team Int64,
        	round_number Int64,
        }],
        "let full_name": λ {
        	team Int64,
        } -> Utf8,
        "let is_winner": λ {
        	team Int64,
        } -> Boolean,
        "let n_to_last_round": λ {
        	n Int64,
        } -> Int64,
        "let normalized_games": [{
        	team Int64,
        	season Int64,
        	game_date Timestamp(
            Microsecond,
            None,
        ),
        	opponent Int64,
        	won Int64,
        }],
        "let playoffs": External<[{
        	SEASON_ID Utf8,
        	TEAM_ID Int64,
        	TEAM_ABBREVIATION Utf8,
        	TEAM_NAME Utf8,
        	GAME_ID Utf8,
        	GAME_DATE Utf8,
        	MATCHUP Utf8,
        	WL Utf8,
        	MIN Int64,
        	FGM Int64,
        	FGA Float64,
        	FG_PCT Float64,
        	FG3M Int64,
        	FG3A Float64,
        	FG3_PCT Float64,
        	FTM Int64,
        	FTA Int64,
        	FT_PCT Float64,
        	OREB Float64,
        	DREB Float64,
        	REB Float64,
        	AST Float64,
        	STL Float64,
        	BLK Float64,
        	TOV Float64,
        	PF Float64,
        	PTS Int64,
        	PLUS_MINUS Int64,
        	VIDEO_AVAILABLE Int64,
        	SEASON Int64,
        	__index_level_0__ Int64,
        }]>,
        "let series": [{
        	season Int64,
        	team Int64,
        	opponent Int64,
        	winner Boolean,
        	first_game Timestamp(
            Microsecond,
            None,
        ),
        }],
        "let series_ranked": [{
        	season Int64,
        	team Int64,
        	opponent Int64,
        	winner Boolean,
        	first_game Timestamp(
            Microsecond,
            None,
        ),
        	round_number Int64,
        }],
        "let series_ranked_with_bye": [{
        	season Int64,
        	team Int64,
        	opponent Int64,
        	winner Boolean,
        	first_game Timestamp(
            Microsecond,
            None,
        ),
        	round_number Int64,
        }],
        "let teams": External<[{
        	id Int64,
        	full_name Utf8,
        	abbreviation Utf8,
        	nickname Utf8,
        	city Utf8,
        	state Utf8,
        	year_founded Int64,
        }]>,
        "let winners": [{
        	team Int64,
        	total Int64,
        }],
    },
    "queries": [
        Ok(
            TypedValue {
                type_: List(
                    Record(
                        [
                            Field {
                                name: "full_name",
                                type_: Atom(
                                    Utf8,
                                ),
                                nullable: true,
                            },
                            Field {
                                name: "total",
                                type_: Atom(
                                    Int64,
                                ),
                                nullable: true,
                            },
                        ],
                    ),
                ),
                value: "| full_name              | total |\n|------------------------|-------|\n| Los Angeles Lakers     | 98    |\n| Boston Celtics         | 77    |\n| San Antonio Spurs      | 76    |\n| Chicago Bulls          | 64    |\n| Houston Rockets        | 56    |\n| Utah Jazz              | 56    |\n| Detroit Pistons        | 55    |\n| Miami Heat             | 53    |\n| Portland Trail Blazers | 51    |\n| Oklahoma City Thunder  | 50    |",
            },
        ),
        Ok(
            TypedValue {
                type_: List(
                    Record(
                        [
                            Field {
                                name: "full_name",
                                type_: Atom(
                                    Utf8,
                                ),
                                nullable: true,
                            },
                            Field {
                                name: "total",
                                type_: Atom(
                                    Int64,
                                ),
                                nullable: true,
                            },
                        ],
                    ),
                ),
                value: "| full_name             | total |\n|-----------------------|-------|\n| Los Angeles Lakers    | 16    |\n| Boston Celtics        | 8     |\n| San Antonio Spurs     | 6     |\n| Miami Heat            | 6     |\n| Chicago Bulls         | 6     |\n| Golden State Warriors | 6     |\n| Detroit Pistons       | 5     |\n| Cleveland Cavaliers   | 5     |\n| Houston Rockets       | 4     |\n| Philadelphia 76ers    | 3     |",
            },
        ),
        Ok(
            TypedValue {
                type_: List(
                    Record(
                        [
                            Field {
                                name: "full_name(team)",
                                type_: Atom(
                                    Utf8,
                                ),
                                nullable: true,
                            },
                            Field {
                                name: "total",
                                type_: Atom(
                                    Int64,
                                ),
                                nullable: true,
                            },
                        ],
                    ),
                ),
                value: "| full_name(team)       | total |\n|-----------------------|-------|\n| Los Angeles Lakers    | 10    |\n| Chicago Bulls         | 6     |\n| San Antonio Spurs     | 5     |\n| Boston Celtics        | 4     |\n| Golden State Warriors | 4     |\n| Miami Heat            | 3     |\n| Detroit Pistons       | 3     |\n| Houston Rockets       | 2     |\n| Cleveland Cavaliers   | 1     |\n| Dallas Mavericks      | 1     |",
            },
        ),
        Ok(
            TypedValue {
                type_: List(
                    Record(
                        [
                            Field {
                                name: "full_name(team)",
                                type_: Atom(
                                    Utf8,
                                ),
                                nullable: true,
                            },
                            Field {
                                name: "total",
                                type_: Atom(
                                    Int64,
                                ),
                                nullable: true,
                            },
                        ],
                    ),
                ),
                value: "| full_name(team)        | total |\n|------------------------|-------|\n| Utah Jazz              | 56    |\n| Portland Trail Blazers | 51    |\n| Oklahoma City Thunder  | 50    |\n| Phoenix Suns           | 50    |\n| Indiana Pacers         | 46    |\n| Atlanta Hawks          | 42    |\n| New York Knicks        | 42    |\n| Denver Nuggets         | 37    |\n| Brooklyn Nets          | 34    |\n| Orlando Magic          | 27    |",
            },
        ),
        Ok(
            TypedValue {
                type_: List(
                    Record(
                        [
                            Field {
                                name: "full_name(team)",
                                type_: Atom(
                                    Utf8,
                                ),
                                nullable: true,
                            },
                            Field {
                                name: "total",
                                type_: Atom(
                                    Int64,
                                ),
                                nullable: true,
                            },
                        ],
                    ),
                ),
                value: "| full_name(team)        | total |\n|------------------------|-------|\n| Portland Trail Blazers | 2     |\n| Phoenix Suns           | 2     |\n| Brooklyn Nets          | 2     |\n| New York Knicks        | 2     |\n| Utah Jazz              | 2     |\n| Orlando Magic          | 2     |\n| Oklahoma City Thunder  | 2     |\n| Indiana Pacers         | 1     |",
            },
        ),
        Ok(
            TypedValue {
                type_: List(
                    Record(
                        [
                            Field {
                                name: "round_number",
                                type_: Atom(
                                    Int64,
                                ),
                                nullable: true,
                            },
                            Field {
                                name: "teams",
                                type_: Atom(
                                    Int64,
                                ),
                                nullable: true,
                            },
                        ],
                    ),
                ),
                value: "| round_number | teams |\n|--------------|-------|\n| 0            | 30    |\n| 1            | 30    |\n| 2            | 27    |\n| 3            | 21    |\n| 4            | 13    |",
            },
        ),
        Ok(
            TypedValue {
                type_: List(
                    Record(
                        [
                            Field {
                                name: "full_name",
                                type_: Atom(
                                    Utf8,
                                ),
                                nullable: true,
                            },
                            Field {
                                name: "total",
                                type_: Atom(
                                    Int64,
                                ),
                                nullable: true,
                            },
                        ],
                    ),
                ),
                value: "| full_name             | total |\n|-----------------------|-------|\n| Boston Celtics        | 4     |\n| Cleveland Cavaliers   | 1     |\n| Chicago Bulls         | 6     |\n| Dallas Mavericks      | 1     |\n| Golden State Warriors | 4     |\n| Houston Rockets       | 2     |\n| Los Angeles Lakers    | 10    |\n| Miami Heat            | 3     |\n| Milwaukee Bucks       | 1     |\n| Philadelphia 76ers    | 1     |\n| San Antonio Spurs     | 5     |\n| Toronto Raptors       | 1     |\n| Detroit Pistons       | 3     |",
            },
        ),
    ],
}