{
    "decls": {
        "let events": [{user_id Float64, description Utf8, ts Utf8}],
        "let free_var": Int64,
        "let no_from": [{free_var Int64}],
        "let qualified_ts": [{events.ts Utf8}],
        "let qualified_ts_alias": [{e.ts Utf8}],
        "let star": [{id Float64, name Utf8, org_id Float64}],
        "let unbound": [{free_var Int64}],
        "let unqualified_ts": [{ts Utf8}],
        "let unqualified_ts_alias": [{ts Utf8}],
        "let users": [{id Float64, org_id Float64, name Utf8}],
        "type Event": {user_id Float64, description Utf8, ts Utf8},
        "type User": {id Float64, org_id Float64, name Utf8},
    },
    "queries": [],
}