{
    "compile_errors": [],
    "decls": {
        "let orders": [{
        	bool_value Boolean,
        }],
        "type raw_order": {
        	bool_value Boolean,
        },
    },
    "queries": [
        Err(
            DuckDBError {
                source: DuckDBFailure(
                    Error {
                        code: Unknown,
                        extended_code: 1,
                    },
                    Some(
                        "Binder Error: Table \"orders\" does not have a column named \"bool_value\"\nLINE 1: SELECT \"max\"(\"orders\".\"bool_value\") AS \"MAX(bool_val...\n                     ^",
                    ),
                ),
                backtrace: None,
            },
        ),
    ],
}